{
    "shortName": "SYNT_PERSON_MOR",
    "sensitivityLevel": "PERSON_GENERAL",
    "temporalityType": "FIXED",
    "populationDescription": [
      {
        "languageCode": "no",
        "value": "Alle personer registrert bosatt i Norge"
      }
    ],
    "spatialCoverageDescription": [
      {
        "languageCode": "no",
        "value": "Norge"
      }
    ],
    "dataRevision": {
      "description": [
        {
          "languageCode": "no",
          "value": "Første publisering."
        }
      ],
      "temporalEndOfSeries": false,
      "temporalCoverageStart": "1900-01-01",
      "temporalCoverageLatest": "2020-01-01"
    },
    "identifierVariables": [
      {
        "shortName": "PERSONID_1",
        "name": [
          {
            "languageCode": "no",
            "value": "Personidentifikator"
          },
          {
            "languageCode": "en",
            "value": "Person identifier"
          }
        ],
        "description": [
          {
            "languageCode": "no",
            "value": "Identifikator for person i Microdata"
          },
          {
            "languageCode": "en",
            "value": "Identifier for person in Microdata"
          }
        ],
        "dataType": "LONG",
        "unitType": {
          "pseudonymized": true,
          "shortName": "PERSON",
          "name": [
            {
              "languageCode": "no",
              "value": "Person"
            },
            {
              "languageCode": "en",
              "value": "Person"
            }
          ],
          "description": [
            {
              "languageCode": "no",
              "value": "Statistisk enhet er person (individ, enkeltmenneske)"
            },
            {
              "languageCode": "en",
              "value": "Statistical unit is person (individual person)"
            }
          ]
        },
        "format": "RandomUInt48",
        "valueDomain": {
          "description": [
            {
              "languageCode": "no",
              "value": "Pseudonymisert personnummer"
            },
            {
              "languageCode": "en",
              "value": "Pseudonymized personnummer"
            }
          ]
        }
      }
    ],
    "measureVariables": [
        {
          "shortName": "SYNT_PERSON_MOR",
          "name": [{"languageCode": "no", "value": "Mors fødselsnummer"}],
          "description": [{"languageCode": "no", "value": "Fødselsnummer til personens biologiske mor"}],
          "dataType": "LONG",
          "unitType": {
            "pseudonymized": true,
            "shortName": "PERSON",
            "name": [
              {
                "languageCode": "no",
                "value": "Person"
              },
              {
                "languageCode": "en",
                "value": "Person"
              }
            ],
            "description": [
              {
                "languageCode": "no",
                "value": "Statistisk enhet er person (individ, enkeltmenneske)"
              },
              {
                "languageCode": "en",
                "value": "Statistical unit is person (individual person)"
              }
            ]
          },
          "format": "RandomUInt48",
          "valueDomain": {
            "description": [
              {
                "languageCode": "no",
                "value": "Pseudonymisert personnummer"
              },
              {
                "languageCode": "en",
                "value": "Pseudonymized personnummer"
              }
            ]
          }
        }
      ],
    "attributeVariables": [
      {
        "variableRole": "START_TIME",
        "shortName": "START",
        "dataType": "DATE",
        "valueDomain": {
          "description": [
            {
              "languageCode": "no",
              "value": "Dato oppgitt i dager siden 1970-01-01"
            }
          ]
        },
        "description": [
          {
            "languageCode": "no",
            "value": "Startdato/måletidspunktet for hendelsen"
          },
          {
            "languageCode": "en",
            "value": "Startdato/måletidspunktet for hendelsen"
          }
        ],
        "name": [
          {
            "languageCode": "no",
            "value": "Startdato"
          },
          {
            "languageCode": "en",
            "value": "Start date"
          }
        ]
      },
      {
        "variableRole": "STOP_TIME",
        "shortName": "STOP",
        "dataType": "DATE",
        "valueDomain": {
          "description": [
            {
              "languageCode": "no",
              "value": "Dato oppgitt i dager siden 1970-01-01"
            }
          ]
        },
        "description": [
          {
            "languageCode": "no",
            "value": "Startdato/måletidspunktet for hendelsen"
          },
          {
            "languageCode": "en",
            "value": "Startdato/måletidspunktet for hendelsen"
          }
        ],
        "name": [
          {
            "languageCode": "no",
            "value": "Stoppdato"
          },
          {
            "languageCode": "en",
            "value": "Stop date"
          }
        ]
      }
    ]
  }