{
  "shortName": "SYNT_BEFOLKNING_KJOENN",
  "sensitivityLevel": "PERSON_GENERAL",
  "temporalityType": "FIXED",
  "populationDescription": [
    {
      "languageCode": "no",
      "value": "Kj\u00f8nn for en populasjon"
    }
  ],
  "spatialCoverageDescription": [
    {
      "languageCode": "no",
      "value": "Norge"
    }
  ],
  "dataRevision": {
    "description": [
      {
        "languageCode": "no",
        "value": "F\u00f8rste publisering."
      }
    ],
    "temporalEndOfSeries": false,
    "temporalCoverageStart": "1900-01-01",
    "temporalCoverageLatest": "2021-01-01"
  },
  "subjectFields": [
    [
      {
        "languageCode": "no",
        "value": "Helse"
      }
    ],
    [
      {
        "languageCode": "no",
        "value": "Helsetjenester"
      }
    ]
  ],
  "identifierVariables": [
    {
      "shortName": "PERSONID_1",
      "name": [
        {
          "languageCode": "no",
          "value": "Personidentifikator"
        },
        {
          "languageCode": "en",
          "value": "Person identifier"
        }
      ],
      "description": [
        {
          "languageCode": "no",
          "value": "Identifikator for person i Microdata"
        },
        {
          "languageCode": "en",
          "value": "Identifier for person in Microdata"
        }
      ],
      "dataType": "LONG",
      "unitType": {
        "shortName": "PERSON",
        "requiresPseudonymization": true,
        "name": [
          {
            "languageCode": "no",
            "value": "Person"
          },
          {
            "languageCode": "en",
            "value": "Person"
          }
        ],
        "description": [
          {
            "languageCode": "no",
            "value": "Statistisk enhet er person (individ, enkeltmenneske)"
          },
          {
            "languageCode": "en",
            "value": "Statistical unit is person (individual person)"
          }
        ]
      },
      "format": "RandomUInt48",
      "valueDomain": {
        "description": [
          {
            "languageCode": "no",
            "value": "Pseudonymisert personnummer"
          },
          {
            "languageCode": "en",
            "value": "Pseudonymized personnummer"
          }
        ]
      }
    }
  ],
  "measureVariables": [
    {
      "shortName": "SYNT_BEFOLKNING_KJOENN",
      "name": [
        {
          "languageCode": "no",
          "value": "Kj\u00f8nn"
        }
      ],
      "description": [
        {
          "languageCode": "no",
          "value": "Rapportert kj\u00f8nn for person"
        }
      ],
      "dataType": "STRING",
      "uriDefinition": [
        ""
      ],
      "valueDomain": {
        "uriDefinition": [
          ""
        ],
        "codeList": [
          {
            "code": "1",
            "categoryTitle": [
              {
                "languageCode": "no",
                "value": "Mann"
              }
            ],
            "validFrom": "1900-01-01"
          },
          {
            "code": "2",
            "categoryTitle": [
              {
                "languageCode": "no",
                "value": "Kvinne"
              }
            ],
            "validFrom": "1900-01-01"
          }
        ]
      }
    }
  ],
  "attributeVariables": [
    {
      "variableRole": "START_TIME",
      "shortName": "START",
      "dataType": "DATE",
      "valueDomain": {
        "description": [
          {
            "languageCode": "no",
            "value": "Dato oppgitt i dager siden 1970-01-01"
          }
        ]
      },
      "description": [
        {
          "languageCode": "no",
          "value": "Startdato/m\u00e5letidspunktet for hendelsen"
        },
        {
          "languageCode": "en",
          "value": "Startdato/m\u00e5letidspunktet for hendelsen"
        }
      ],
      "name": [
        {
          "languageCode": "no",
          "value": "Startdato"
        },
        {
          "languageCode": "en",
          "value": "Start date"
        }
      ]
    },
    {
      "variableRole": "STOP_TIME",
      "shortName": "STOP",
      "dataType": "DATE",
      "valueDomain": {
        "description": [
          {
            "languageCode": "no",
            "value": "Dato oppgitt i dager siden 1970-01-01"
          }
        ]
      },
      "description": [
        {
          "languageCode": "no",
          "value": "Startdato/m\u00e5letidspunktet for hendelsen"
        },
        {
          "languageCode": "en",
          "value": "Startdato/m\u00e5letidspunktet for hendelsen"
        }
      ],
      "name": [
        {
          "languageCode": "no",
          "value": "Stoppdato"
        },
        {
          "languageCode": "en",
          "value": "Stop date"
        }
      ]
    }
  ]
}